// Vitest Snapshot v1, https://vitest.dev/guide/snapshot.html

exports[`flattens data into endpoints 1`] = `
[
  {
    "data": {
      "methods": {
        "POST": {
          "200": {
            "queryParameters": {
              "properties": {
                "alt": {
                  "type": "string",
                },
                "key": {
                  "type": "string",
                },
              },
              "required": [
                "alt",
                "key",
              ],
              "type": "object",
            },
            "request": {
              "application/json": {
                "body": {
                  "properties": {
                    "test": {
                      "type": "string",
                    },
                  },
                  "required": [
                    "test",
                  ],
                  "type": "object",
                },
              },
            },
            "requestHeaders": {
              "properties": {
                "anonymousid": {
                  "type": "string",
                },
              },
              "required": [
                "anonymousid",
              ],
              "type": "object",
            },
            "response": {
              "application/json": {
                "body": {
                  "properties": {
                    "foo": {
                      "type": "string",
                    },
                  },
                  "required": [
                    "foo",
                  ],
                  "type": "object",
                },
              },
            },
            "responseHeaders": undefined,
          },
        },
      },
      "pathname": "/v1/track",
    },
    "host": "www.example.com",
    "parts": [
      {
        "part": "1",
        "type": 0,
      },
      {
        "part": "2",
        "type": 0,
      },
      {
        "part": "3",
        "type": 0,
      },
    ],
    "pathname": "/1/2/3",
  },
  {
    "data": {
      "methods": {
        "POST": {
          "200": {
            "queryParameters": {
              "properties": {
                "alt": {
                  "type": "string",
                },
                "key": {
                  "type": "string",
                },
              },
              "required": [
                "alt",
                "key",
              ],
              "type": "object",
            },
            "request": {
              "application/json": {
                "body": {
                  "properties": {
                    "test": {
                      "type": "string",
                    },
                  },
                  "required": [
                    "test",
                  ],
                  "type": "object",
                },
              },
            },
            "requestHeaders": {
              "properties": {
                "anonymousid": {
                  "type": "string",
                },
              },
              "required": [
                "anonymousid",
              ],
              "type": "object",
            },
            "response": {
              "application/json": {
                "body": {
                  "properties": {
                    "foo": {
                      "type": "string",
                    },
                  },
                  "required": [
                    "foo",
                  ],
                  "type": "object",
                },
              },
            },
            "responseHeaders": undefined,
          },
        },
      },
      "pathname": "/v1/track",
    },
    "host": "www.example.com",
    "parts": [
      {
        "part": "1",
        "type": 0,
      },
      {
        "part": ":param1",
        "type": 1,
      },
      {
        "part": "3",
        "type": 0,
      },
    ],
    "pathname": "/1/:param1/3",
  },
  {
    "data": {
      "methods": {
        "POST": {
          "200": {
            "queryParameters": {
              "properties": {
                "alt": {
                  "type": "string",
                },
                "key": {
                  "type": "string",
                },
              },
              "required": [
                "alt",
                "key",
              ],
              "type": "object",
            },
            "request": {
              "application/json": {
                "body": {
                  "properties": {
                    "test": {
                      "type": "string",
                    },
                  },
                  "required": [
                    "test",
                  ],
                  "type": "object",
                },
              },
            },
            "requestHeaders": {
              "properties": {
                "anonymousid": {
                  "type": "string",
                },
              },
              "required": [
                "anonymousid",
              ],
              "type": "object",
            },
            "response": {
              "application/json": {
                "body": {
                  "properties": {
                    "foo": {
                      "type": "string",
                    },
                  },
                  "required": [
                    "foo",
                  ],
                  "type": "object",
                },
              },
            },
            "responseHeaders": undefined,
          },
        },
      },
      "pathname": "/v1/track",
    },
    "host": "www.example.com",
    "parts": [
      {
        "part": "1",
        "type": 0,
      },
      {
        "part": "2",
        "type": 0,
      },
      {
        "part": "3",
        "type": 0,
      },
      {
        "part": "4",
        "type": 0,
      },
    ],
    "pathname": "/1/2/3/4",
  },
  {
    "data": {
      "methods": {
        "POST": {
          "200": {
            "queryParameters": {
              "properties": {
                "alt": {
                  "type": "string",
                },
                "key": {
                  "type": "string",
                },
              },
              "required": [
                "alt",
                "key",
              ],
              "type": "object",
            },
            "request": {
              "application/json": {
                "body": {
                  "properties": {
                    "test": {
                      "type": "string",
                    },
                  },
                  "required": [
                    "test",
                  ],
                  "type": "object",
                },
              },
            },
            "requestHeaders": {
              "properties": {
                "anonymousid": {
                  "type": "string",
                },
              },
              "required": [
                "anonymousid",
              ],
              "type": "object",
            },
            "response": {
              "application/json": {
                "body": {
                  "properties": {
                    "foo": {
                      "type": "string",
                    },
                  },
                  "required": [
                    "foo",
                  ],
                  "type": "object",
                },
              },
            },
            "responseHeaders": undefined,
          },
        },
      },
      "pathname": "/v1/track",
    },
    "host": "www.example.com",
    "parts": [
      {
        "part": "1",
        "type": 0,
      },
      {
        "part": "2",
        "type": 0,
      },
      {
        "part": "3",
        "type": 0,
      },
      {
        "part": "4a",
        "type": 0,
      },
    ],
    "pathname": "/1/2/3/4a",
  },
  {
    "data": {
      "methods": {
        "POST": {
          "200": {
            "queryParameters": {
              "properties": {
                "alt": {
                  "type": "string",
                },
                "key": {
                  "type": "string",
                },
              },
              "required": [
                "alt",
                "key",
              ],
              "type": "object",
            },
            "request": {
              "application/json": {
                "body": {
                  "properties": {
                    "test": {
                      "type": "string",
                    },
                  },
                  "required": [
                    "test",
                  ],
                  "type": "object",
                },
              },
            },
            "requestHeaders": {
              "properties": {
                "anonymousid": {
                  "type": "string",
                },
              },
              "required": [
                "anonymousid",
              ],
              "type": "object",
            },
            "response": {
              "application/json": {
                "body": {
                  "properties": {
                    "foo": {
                      "type": "string",
                    },
                  },
                  "required": [
                    "foo",
                  ],
                  "type": "object",
                },
              },
            },
            "responseHeaders": undefined,
          },
        },
      },
      "pathname": "/v1/track",
    },
    "host": "www.example.com",
    "parts": [
      {
        "part": "1",
        "type": 0,
      },
      {
        "part": "2",
        "type": 0,
      },
      {
        "part": "3",
        "type": 0,
      },
      {
        "part": "",
        "type": 0,
      },
    ],
    "pathname": "/1/2/3/",
  },
  {
    "data": {
      "methods": {
        "POST": {
          "200": {
            "queryParameters": {
              "properties": {
                "alt": {
                  "type": "string",
                },
                "key": {
                  "type": "string",
                },
              },
              "required": [
                "alt",
                "key",
              ],
              "type": "object",
            },
            "request": {
              "application/json": {
                "body": {
                  "properties": {
                    "test": {
                      "type": "string",
                    },
                  },
                  "required": [
                    "test",
                  ],
                  "type": "object",
                },
              },
            },
            "requestHeaders": {
              "properties": {
                "anonymousid": {
                  "type": "string",
                },
              },
              "required": [
                "anonymousid",
              ],
              "type": "object",
            },
            "response": {
              "application/json": {
                "body": {
                  "properties": {
                    "foo": {
                      "type": "string",
                    },
                  },
                  "required": [
                    "foo",
                  ],
                  "type": "object",
                },
              },
            },
            "responseHeaders": undefined,
          },
        },
      },
      "pathname": "/v1/track",
    },
    "host": "www.example.com",
    "parts": [
      {
        "part": "1",
        "type": 0,
      },
      {
        "part": "2",
        "type": 0,
      },
      {
        "part": "3",
        "type": 0,
      },
      {
        "part": ":param4",
        "type": 1,
      },
      {
        "part": "param5",
        "type": 0,
      },
      {
        "part": "a",
        "type": 0,
      },
      {
        "part": ":param7",
        "type": 1,
      },
      {
        "part": "b",
        "type": 0,
      },
    ],
    "pathname": "/1/2/3/:param4/param5/a/:param7/b",
  },
]
`;
